>> /usr/sbin/bash
/usr/sbin/echo
/usr/sbin/ls
>> 
